TLC2 Version 2.19 of 08 August 2024 (rev: 5a47802)
Warning: Please run the Java VM which executes TLC with a throughput optimized garbage collector by passing the "-XX:+UseParallelGC" property.
(Use the -nowarning option to disable this warning.)
Running breadth-first search Model-Checking with fp 87 and seed 6997063814773071494 with 1 worker on 10 cores with 4096MB heap and 64MB offheap memory [pid: 65524] (Mac OS X 26.6.2 aarch64, Azul Systems, Inc. 21.0.6 x86_64, MSBDiskFPSet, DiskStateQueue).
Parsing file tla/mb/MC_Membership_mut.tla
Parsing file tla/mb/Membership_Proof.tla
Parsing file <tlaps-stdlib>/FiniteSets.tla
Parsing file <tlaps-stdlib>/FiniteSetTheorems.tla
Parsing file <tlaps-stdlib>/TLAPS.tla
Parsing file <tlc-tmp>/Integers.tla
Parsing file <tlaps-stdlib>/Functions.tla
Parsing file <tlaps-stdlib>/WellFoundedInduction.tla
Parsing file <tlc-tmp>/Naturals.tla
Parsing file <tlaps-stdlib>/Folds.tla
Parsing file <tlaps-stdlib>/NaturalsInduction.tla
Parsing file <tlc-tmp>/Sequences.tla
Semantic processing of module Naturals
Semantic processing of module Sequences
Semantic processing of module FiniteSets
Semantic processing of module Integers
Semantic processing of module Folds
Semantic processing of module Functions
Semantic processing of module NaturalsInduction
Semantic processing of module WellFoundedInduction
Semantic processing of module FiniteSetTheorems
Semantic processing of module TLAPS
Semantic processing of module Membership_Proof
Semantic processing of module MC_Membership_mut
Starting... (2026-10-10 18:16:09)
Error: The invariant of MembershipModel is equal to FALSE
Finished in 00s at (2026-10-10 18:16:09)
