TLC2 Version 2.19 of 08 August 2024 (rev: 5a47802)
Warning: Please run the Java VM which executes TLC with a throughput optimized garbage collector by passing the "-XX:+UseParallelGC" property.
(Use the -nowarning option to disable this warning.)
Running breadth-first search Model-Checking with fp 50 and seed 1126899922252832131 with 1 worker on 10 cores with 4096MB heap and 64MB offheap memory [pid: 65479] (Mac OS X 26.6.2 aarch64, Azul Systems, Inc. 21.0.6 x86_64, MSBDiskFPSet, DiskStateQueue).
Parsing file tla/cv/MC_CV.tla
Parsing file tla/cv/CoordinatedVariant_Proof.tla
Parsing file tla/cv/Defs.tla
Parsing file <tlaps-stdlib>/FiniteSets.tla
Parsing file <tlaps-stdlib>/FiniteSetTheorems.tla
Parsing file <tlaps-stdlib>/TLAPS.tla
Parsing file <tlc-tmp>/Integers.tla
Parsing file <tlaps-stdlib>/Functions.tla
Parsing file <tlaps-stdlib>/WellFoundedInduction.tla
Parsing file <tlc-tmp>/Naturals.tla
Parsing file <tlaps-stdlib>/Folds.tla
Parsing file <tlaps-stdlib>/NaturalsInduction.tla
Parsing file <tlc-tmp>/Sequences.tla
Semantic processing of module Naturals
Semantic processing of module Sequences
Semantic processing of module FiniteSets
Semantic processing of module Integers
Semantic processing of module Folds
Semantic processing of module Functions
Semantic processing of module NaturalsInduction
Semantic processing of module WellFoundedInduction
Semantic processing of module FiniteSetTheorems
Semantic processing of module TLAPS
Semantic processing of module CoordinatedVariant_Proof
Semantic processing of module Defs
Semantic processing of module MC_CV
Starting... (2026-10-10 18:16:06)
Computing initial states...
Finished computing initial states: 1 distinct state generated at 2026-10-10 18:16:06.
Model checking completed. No error has been found.
  Estimates of the probability that TLC did not check all reachable states
  because two distinct states had the same fingerprint:
  calculated (optimistic):  val = 5.4E-20
2 states generated, 1 distinct states found, 0 states left on queue.
The depth of the complete state graph search is 1.
The average outdegree of the complete state graph is 0 (minimum is 0, the maximum 0 and the 95th percentile is 0).
Finished in 00s at (2026-10-10 18:16:06)
